<?xml version="1.0" encoding="UTF-8"?>
<testsuites tests="3" failures="0" disabled="0" errors="0" time="0.133" timestamp="2025-08-27T17:35:53.492" name="AllTests">
  <testsuite name="DeviceEnumerationTest" tests="3" failures="0" disabled="0" skipped="0" errors="0" time="0.127" timestamp="2025-08-27T17:35:53.496">
    <testcase name="Initialization" file="C:/Users/WCZ/Documents/Projects/VirtualAudioProject/src/tests/unit_tests/TestDeviceEnumeration.cpp" line="19" status="run" result="completed" time="0.007" timestamp="2025-08-27T17:35:53.497" classname="DeviceEnumerationTest" />
    <testcase name="DeviceEnumeration" file="C:/Users/WCZ/Documents/Projects/VirtualAudioProject/src/tests/unit_tests/TestDeviceEnumeration.cpp" line="23" status="run" result="completed" time="0.058" timestamp="2025-08-27T17:35:53.509" classname="DeviceEnumerationTest" />
    <testcase name="DeviceClassification" file="C:/Users/WCZ/Documents/Projects/VirtualAudioProject/src/tests/unit_tests/TestDeviceEnumeration.cpp" line="33" status="run" result="completed" time="0.05" timestamp="2025-08-27T17:35:53.571" classname="DeviceEnumerationTest" />
  </testsuite>
</testsuites>
